<?xml version="1.0" encoding="UTF-8"?>

<map xmlns:crs="http://www.anwiba.net/gis/crs" xmlns:tooltip="http://www.anwiba.net/tooltip" xmlns:label="http://www.anwiba.net/label" xmlns:font="http://www.anwiba.net/font">
 <crs:coordinateReferenceSystem>
  <crs:projectedCoordinateReference name="WGS 84 / Pseudo-Mercator" projection="Mercator 1SP">
   <crs:geographicCoordinateReference name="World Geodetic System 1984">
    <crs:datum name="World Geodetic System 1984">
     <crs:spheroid name="WGS 84" semiMajorAxis="6378137.0" inverseFlattening="298.257223563">
      <crs:Authority name="EPSG" code="7030"/>
     </crs:spheroid>
     <crs:toWgs84 dx="0.0" dy="0.0" dz="0.0" rx="0.0" ry="0.0" rz="0.0" ppm="0.0"/>
     <crs:Authority name="EPSG" code="6326"/>
    </crs:datum>
    <crs:primeMeridian name="greenwich" value="0.0">
     <crs:Authority name="EPSG" code="8901"/>
    </crs:primeMeridian>
    <crs:unit name="degree (supplier to define representation)" type="ANGLE" factor="0.017453292519943278"/>
    <crs:axes>
     <crs:axis name="LAT" value="NORTH"/>
     <crs:axis name="LON" value="EAST"/>
    </crs:axes>
    <crs:Authority name="EPSG" code="4326"/>
   </crs:geographicCoordinateReference>
   <crs:parameters>
    <crs:parameter name="false easting" value="0.0"/>
    <crs:parameter name="false northing" value="0.0"/>
    <crs:parameter name="latitude of natural origin" value="0.0"/>
    <crs:parameter name="longitude of natural origin" value="0.0"/>
   </crs:parameters>
   <crs:unit name="metre" type="DISTANCE" factor="1.0"/>
   <crs:axes>
    <crs:axis name="X" value="EAST"/>
    <crs:axis name="Y" value="NORTH"/>
   </crs:axes>
   <crs:Authority name="EPSG" code="3857"/>
  </crs:projectedCoordinateReference>
  <crs:Authority name="EPSG" code="3857"/>
 </crs:coordinateReferenceSystem>
 <worldBox>
  <coordinate coordinateDimension="2" isMeasured="false">912922.4487781025, 6307366.346282564</coordinate>
  <coordinate coordinateDimension="2" isMeasured="false">955892.009018497, 6327620.227541708</coordinate>
 </worldBox>
 <layers>
  <layer name="Wikimedia Maps" visible="true" uuid="245a12c8-28a2-4d8a-8391-17458f7c836d">
   <resource type="SERVICE" layerType="RASTER" format="OSM" codec="PNG">
    <file url="osm:https://maps.wikimedia.org/osm-intl/{zoomLevel}/{column}/{row}.png"/>
   </resource>
   <crs:coordinateReferenceSystem>
    <crs:projectedCoordinateReference name="WGS 84 / Pseudo-Mercator" projection="Mercator 1SP">
     <crs:geographicCoordinateReference name="WGS 84">
      <crs:datum name="WGS 84">
       <crs:spheroid name="WGS 84" semiMajorAxis="6378137.0" inverseFlattening="298.257223563">
        <crs:Authority name="EPSG" code="7030"/>
       </crs:spheroid>
       <crs:toWgs84 dx="0.0" dy="0.0" dz="0.0" rx="0.0" ry="0.0" rz="0.0" ppm="0.0"/>
      </crs:datum>
      <crs:primeMeridian name="greenwich" value="0.0"/>
      <crs:unit name="degree" type="ANGLE" factor="0.0174532925199433"/>
      <crs:Authority name="EPSG" code="4326"/>
     </crs:geographicCoordinateReference>
     <crs:parameters>
      <crs:parameter name="false_easting" value="0.0"/>
      <crs:parameter name="false_northing" value="0.0"/>
      <crs:parameter name="longitude_of_origin" value="0.0"/>
      <crs:parameter name="scale_factor" value="1.0"/>
     </crs:parameters>
     <crs:unit name="meter" type="DISTANCE" factor="1.0"/>
     <crs:Authority name="EPSG" code="3857"/>
    </crs:projectedCoordinateReference>
    <crs:Authority name="EPSG" code="3857"/>
   </crs:coordinateReferenceSystem>
   <style/>
   <properties/>
  </layer>
  <layer name="Wikipedia (en)" visible="false" uuid="d48b8063-8a40-49bd-a80c-d1fa0afc7dd1">
   <resource type="SERVICE" layerType="FEATURE" format="MEDIAWIKI">
    <service>
     <server host="en.wikipedia.org" port="-1" path="/w/api.php" SSL="true">
      <parameters/>
     </server>
    </service>
    <id/>
   </resource>
   <crs:coordinateReferenceSystem>
    <crs:geographicCoordinateReference name="WGS 84">
     <crs:datum name="WGS 84">
      <crs:spheroid name="WGS 84" semiMajorAxis="6378137.0" inverseFlattening="298.257223563">
       <crs:Authority name="EPSG" code="7030"/>
      </crs:spheroid>
      <crs:toWgs84 dx="0.0" dy="0.0" dz="0.0" rx="0.0" ry="0.0" rz="0.0" ppm="0.0"/>
     </crs:datum>
     <crs:primeMeridian name="greenwich" value="0.0"/>
     <crs:unit name="degree" type="ANGLE" factor="0.0174532925199433"/>
     <crs:Authority name="EPSG" code="4326"/>
    </crs:geographicCoordinateReference>
    <crs:Authority name="EPSG" code="4326"/>
   </crs:coordinateReferenceSystem>
   <style type="SYMBOL">
    <symbolstyle shape="CIRCLE" size="20.0" rotation="0.0">
     <areastyle paintbackground="true">
      <fillpattern type="TEXTURE" method="SCALE" imageurl="/home/andreas/work/JGISShell/development/trunk/workspace/jgisshell/workspace/data/icons/20px-Wikipedia-logo-v2.svg.png"/>
      <linestyle haspoints="false">
       <signature dashpattern="SOLID_LINE" width="0.0">
        <color red="0" green="0" blue="0" alpha="255"/>
       </signature>
      </linestyle>
     </areastyle>
    </symbolstyle>
   </style>
   <conditionRule>FIRST_MATCH</conditionRule>
   <tooltip:toolTipStyle>
    <tooltip:attributeNames>
     <tooltip:attributeName name="identifier"/>
    </tooltip:attributeNames>
   </tooltip:toolTipStyle>
   <label:labelStyle>
    <label:attributeNames/>
    <font:font name="Monospaced" size="12" isBold="false" isItalic="false"/>
    <color red="0" green="0" blue="0" alpha="255"/>
    <label:rotationAngle value="0.0"/>
    <label:isRotationGeometryOrientated value="false"/>
    <scalerange/>
   </label:labelStyle>
   <properties/>
  </layer>
  <layer name="Wikipedia (de)" visible="true" uuid="3452b879-c0d7-40fc-ba17-8411b7e39a3f">
   <resource type="SERVICE" layerType="FEATURE" format="MEDIAWIKI">
    <service>
     <server host="de.wikipedia.org" port="-1" path="/w/api.php" SSL="true">
      <parameters/>
     </server>
    </service>
    <id/>
   </resource>
   <crs:coordinateReferenceSystem>
    <crs:geographicCoordinateReference name="WGS 84">
     <crs:datum name="WGS 84">
      <crs:spheroid name="WGS 84" semiMajorAxis="6378137.0" inverseFlattening="298.257223563">
       <crs:Authority name="EPSG" code="7030"/>
      </crs:spheroid>
      <crs:toWgs84 dx="0.0" dy="0.0" dz="0.0" rx="0.0" ry="0.0" rz="0.0" ppm="0.0"/>
     </crs:datum>
     <crs:primeMeridian name="greenwich" value="0.0"/>
     <crs:unit name="degree" type="ANGLE" factor="0.0174532925199433"/>
     <crs:Authority name="EPSG" code="4326"/>
    </crs:geographicCoordinateReference>
    <crs:Authority name="EPSG" code="4326"/>
   </crs:coordinateReferenceSystem>
   <style type="SYMBOL">
    <symbolstyle shape="CIRCLE" size="20.0" rotation="0.0">
     <areastyle paintbackground="true">
      <fillpattern type="TEXTURE" method="SCALE" imageurl="/home/andreas/work/JGISShell/development/trunk/workspace/jgisshell/workspace/data/icons/20px-Wikipedia-logo-v2.svg.png"/>
      <linestyle haspoints="false">
       <signature dashpattern="SOLID_LINE" width="0.0">
        <color red="0" green="0" blue="0" alpha="255"/>
       </signature>
      </linestyle>
     </areastyle>
    </symbolstyle>
   </style>
   <conditionRule>FIRST_MATCH</conditionRule>
   <tooltip:toolTipStyle>
    <tooltip:attributeNames>
     <tooltip:attributeName name="identifier"/>
    </tooltip:attributeNames>
   </tooltip:toolTipStyle>
   <label:labelStyle>
    <label:attributeNames/>
    <font:font name="Monospaced" size="12" isBold="false" isItalic="false"/>
    <color red="0" green="0" blue="0" alpha="255"/>
    <label:rotationAngle value="0.0"/>
    <label:isRotationGeometryOrientated value="false"/>
    <scalerange/>
   </label:labelStyle>
   <properties/>
  </layer>
  <layer name="Wikidata" visible="false" uuid="b68e9137-26ee-47b7-ac18-02da12d735e3">
   <resource type="SERVICE" layerType="FEATURE" format="MEDIAWIKI">
    <service>
     <server host="www.wikidata.org" port="-1" path="/w/api.php" SSL="true">
      <parameters/>
     </server>
    </service>
    <id/>
   </resource>
   <crs:coordinateReferenceSystem>
    <crs:geographicCoordinateReference name="WGS 84">
     <crs:datum name="WGS 84">
      <crs:spheroid name="WGS 84" semiMajorAxis="6378137.0" inverseFlattening="298.257223563">
       <crs:Authority name="EPSG" code="7030"/>
      </crs:spheroid>
      <crs:toWgs84 dx="0.0" dy="0.0" dz="0.0" rx="0.0" ry="0.0" rz="0.0" ppm="0.0"/>
     </crs:datum>
     <crs:primeMeridian name="greenwich" value="0.0"/>
     <crs:unit name="degree" type="ANGLE" factor="0.0174532925199433"/>
     <crs:Authority name="EPSG" code="4326"/>
    </crs:geographicCoordinateReference>
    <crs:Authority name="EPSG" code="4326"/>
   </crs:coordinateReferenceSystem>
   <style type="SYMBOL">
    <symbolstyle shape="QUADRAT" size="20.0" rotation="0.0">
     <areastyle paintbackground="false">
      <fillpattern type="TEXTURE" method="SCALE" imageurl="/home/andreas/work/JGISShell/development/trunk/workspace/jgisshell/workspace/data/icons/40px-Wikidata-logo.svg.png"/>
      <linestyle haspoints="false">
       <signature dashpattern="SOLID_LINE" width="0.0">
        <color red="0" green="0" blue="0" alpha="255"/>
       </signature>
      </linestyle>
     </areastyle>
    </symbolstyle>
   </style>
   <conditionRule>FIRST_MATCH</conditionRule>
   <tooltip:toolTipStyle>
    <tooltip:attributeNames>
     <tooltip:attributeName name="identifier"/>
    </tooltip:attributeNames>
   </tooltip:toolTipStyle>
   <label:labelStyle>
    <label:attributeNames/>
    <font:font name="Monospaced" size="12" isBold="false" isItalic="false"/>
    <color red="0" green="0" blue="0" alpha="255"/>
    <label:rotationAngle value="0.0"/>
    <label:isRotationGeometryOrientated value="false"/>
    <scalerange/>
   </label:labelStyle>
   <properties/>
  </layer>
  <layer name="Wikivoyage (en)" visible="false" uuid="591976fb-df77-4528-8948-1eb4ef477da5">
   <resource type="SERVICE" layerType="FEATURE" format="MEDIAWIKI">
    <service>
     <server host="en.wikivoyage.org" port="-1" path="/w/api.php" SSL="true">
      <parameters/>
     </server>
    </service>
    <id/>
   </resource>
   <crs:coordinateReferenceSystem>
    <crs:geographicCoordinateReference name="WGS 84">
     <crs:datum name="WGS 84">
      <crs:spheroid name="WGS 84" semiMajorAxis="6378137.0" inverseFlattening="298.257223563">
       <crs:Authority name="EPSG" code="7030"/>
      </crs:spheroid>
      <crs:toWgs84 dx="0.0" dy="0.0" dz="0.0" rx="0.0" ry="0.0" rz="0.0" ppm="0.0"/>
     </crs:datum>
     <crs:primeMeridian name="greenwich" value="0.0"/>
     <crs:unit name="degree" type="ANGLE" factor="0.0174532925199433"/>
     <crs:Authority name="EPSG" code="4326"/>
    </crs:geographicCoordinateReference>
    <crs:Authority name="EPSG" code="4326"/>
   </crs:coordinateReferenceSystem>
   <style type="SYMBOL">
    <symbolstyle shape="CIRCLE" size="20.0" rotation="0.0">
     <areastyle paintbackground="true">
      <fillpattern type="TEXTURE" method="SCALE" imageurl="/home/andreas/work/JGISShell/development/trunk/workspace/jgisshell/workspace/data/icons/23px-Wikivoyage-Logo-v3-icon.svg.png"/>
      <linestyle haspoints="false">
       <signature dashpattern="SOLID_LINE" width="0.0">
        <color red="0" green="0" blue="0" alpha="255"/>
       </signature>
      </linestyle>
     </areastyle>
    </symbolstyle>
   </style>
   <conditionRule>FIRST_MATCH</conditionRule>
   <tooltip:toolTipStyle>
    <tooltip:attributeNames>
     <tooltip:attributeName name="identifier"/>
    </tooltip:attributeNames>
   </tooltip:toolTipStyle>
   <label:labelStyle>
    <label:attributeNames/>
    <font:font name="Monospaced" size="12" isBold="false" isItalic="false"/>
    <color red="0" green="0" blue="0" alpha="255"/>
    <label:rotationAngle value="0.0"/>
    <label:isRotationGeometryOrientated value="false"/>
    <scalerange/>
   </label:labelStyle>
   <properties/>
  </layer>
 </layers>
 <locator>
  <crs:coordinateReferenceSystem>
   <crs:projectedCoordinateReference name="WGS 84 / Pseudo-Mercator" projection="Mercator 1SP">
    <crs:geographicCoordinateReference name="WGS 84">
     <crs:datum name="WGS 84">
      <crs:spheroid name="WGS 84" semiMajorAxis="6378137.0" inverseFlattening="298.257223563">
       <crs:Authority name="EPSG" code="7030"/>
      </crs:spheroid>
      <crs:toWgs84 dx="0.0" dy="0.0" dz="0.0" rx="0.0" ry="0.0" rz="0.0" ppm="0.0"/>
     </crs:datum>
     <crs:primeMeridian name="greenwich" value="0.0"/>
     <crs:unit name="degree" type="ANGLE" factor="0.0174532925199433"/>
     <crs:axes>
      <crs:axis name="north" value="NORTH"/>
      <crs:axis name="east" value="EAST"/>
     </crs:axes>
     <crs:Authority name="EPSG" code="4326"/>
    </crs:geographicCoordinateReference>
    <crs:parameters>
     <crs:parameter name="false_easting" value="0.0"/>
     <crs:parameter name="false_northing" value="0.0"/>
     <crs:parameter name="central_meridian" value="0.0"/>
     <crs:parameter name="scale_factor" value="1.0"/>
    </crs:parameters>
    <crs:unit name="meter" type="DISTANCE" factor="1.0"/>
    <crs:axes>
     <crs:axis name="east" value="EAST"/>
     <crs:axis name="north" value="NORTH"/>
    </crs:axes>
    <crs:Authority name="EPSG" code="3857"/>
   </crs:projectedCoordinateReference>
   <crs:Authority name="EPSG" code="3857"/>
  </crs:coordinateReferenceSystem>
  <worldBox>
   <coordinate coordinateDimension="2" isMeasured="false">-3051.997228104854, 5639185.202803457</coordinate>
   <coordinate coordinateDimension="2" isMeasured="false">2482225.003780736, 7401703.07596789</coordinate>
  </worldBox>
  <layers>
   <layer name="Wikimedia Maps" visible="true" uuid="dbb9eca3-8fbb-4799-9068-e7b029c449d5">
    <resource type="SERVICE" layerType="RASTER" format="OSM" codec="PNG">
     <file url="osm:https://maps.wikimedia.org/osm-intl/{zoomLevel}/{column}/{row}.png"/>
    </resource>
    <crs:coordinateReferenceSystem>
     <crs:projectedCoordinateReference name="WGS 84 / Pseudo-Mercator" projection="Mercator 1SP">
      <crs:geographicCoordinateReference name="WGS 84">
       <crs:datum name="WGS 84">
        <crs:spheroid name="WGS 84" semiMajorAxis="6378137.0" inverseFlattening="298.257223563">
         <crs:Authority name="EPSG" code="7030"/>
        </crs:spheroid>
        <crs:toWgs84 dx="0.0" dy="0.0" dz="0.0" rx="0.0" ry="0.0" rz="0.0" ppm="0.0"/>
       </crs:datum>
       <crs:primeMeridian name="greenwich" value="0.0"/>
       <crs:unit name="degree" type="ANGLE" factor="0.0174532925199433"/>
       <crs:axes>
        <crs:axis name="north" value="NORTH"/>
        <crs:axis name="east" value="EAST"/>
       </crs:axes>
       <crs:Authority name="EPSG" code="4326"/>
      </crs:geographicCoordinateReference>
      <crs:parameters>
       <crs:parameter name="false_easting" value="0.0"/>
       <crs:parameter name="false_northing" value="0.0"/>
       <crs:parameter name="central_meridian" value="0.0"/>
       <crs:parameter name="scale_factor" value="1.0"/>
      </crs:parameters>
      <crs:unit name="meter" type="DISTANCE" factor="1.0"/>
      <crs:axes>
       <crs:axis name="east" value="EAST"/>
       <crs:axis name="north" value="NORTH"/>
      </crs:axes>
      <crs:Authority name="EPSG" code="3857"/>
     </crs:projectedCoordinateReference>
     <crs:Authority name="EPSG" code="3857"/>
    </crs:coordinateReferenceSystem>
    <style/>
    <properties/>
   </layer>
  </layers>
 </locator>
</map>
